ayush@MSI:~/hadoop/hadoop-3.3.0$ bin/hadoop namenode -format
WARNING: Use of this script to execute namenode is deprecated.
WARNING: Attempting to execute replacement "hdfs namenode" instead.

2021-09-10 10:58:20,255 INFO namenode.NameNode: STARTUP_MSG: 
/************************************************************
STARTUP_MSG: Starting NameNode
STARTUP_MSG:   host = MSI.localdomain/127.0.1.1
STARTUP_MSG:   args = [-format]
STARTUP_MSG:   version = 3.3.0
STARTUP_MSG:   classpath = /home/ayush/hadoop/hadoop-3.3.0/etc/hadoop:/home/ayush/hadoop/hadoop-3.3.0/share/hadoop/common/lib/accessors-smart-1.2.jar:/home/ayush/hadoop/hadoop-3.3.0/share/hadoop/common/lib/animal-sniffer-annotations-1.17.jar:/home/ayush/hadoop/hadoop-3.3.0/share/hadoop/common/lib/asm-5.0.4.jar:/home/ayush/hadoop/hadoop-3.3.0/share/hadoop/common/lib/audience-annotations-0.5.0.jar:/home/ayush/hadoop/hadoop-3.3.0/share/hadoop/common/lib/avro-1.7.7.jar:/home/ayush/hadoop/hadoop-3.3.0/share/hadoop/common/lib/checker-qual-2.5.2.jar:/home/ayush/hadoop/hadoop-3.3.0/share/hadoop/common/lib/commons-beanutils-1.9.4.jar:/home/ayush/hadoop/hadoop-3.3.0/share/hadoop/common/lib/commons-cli-1.2.jar:/home/ayush/hadoop/hadoop-3.3.0/share/hadoop/common/lib/commons-codec-1.11.jar:/home/ayush/hadoop/hadoop-3.3.0/share/hadoop/common/lib/commons-collections-3.2.2.jar:/home/ayush/hadoop/hadoop-3.3.0/share/hadoop/common/lib/commons-compress-1.19.jar:/home/ayush/hadoop/hadoop-3.3.0/share/hadoop/common/lib/commons-configuration2-2.1.1.jar:/home/ayush/hadoop/hadoop-3.3.0/share/hadoop/common/lib/commons-daemon-1.0.13.jar:/home/ayush/hadoop/hadoop-3.3.0/share/hadoop/common/lib/commons-io-2.5.jar:/home/ayush/hadoop/hadoop-3.3.0/share/hadoop/common/lib/commons-lang3-3.7.jar:/home/ayush/hadoop/hadoop-3.3.0/share/hadoop/common/lib/commons-logging-1.1.3.jar:/home/ayush/hadoop/hadoop-3.3.0/share/hadoop/common/lib/commons-math3-3.1.1.jar:/home/ayush/hadoop/hadoop-3.3.0/share/hadoop/common/lib/commons-net-3.6.jar:/home/ayush/hadoop/hadoop-3.3.0/share/hadoop/common/lib/commons-text-1.4.jar:/home/ayush/hadoop/hadoop-3.3.0/share/hadoop/common/lib/curator-client-4.2.0.jar:/home/ayush/hadoop/hadoop-3.3.0/share/hadoop/common/lib/curator-framework-4.2.0.jar:/home/ayush/hadoop/hadoop-3.3.0/share/hadoop/common/lib/curator-recipes-4.2.0.jar:/home/ayush/hadoop/hadoop-3.3.0/share/hadoop/common/lib/dnsjava-2.1.7.jar:/home/ayush/hadoop/hadoop-3.3.0/share/hadoop/common/lib/failureaccess-1.0.jar:/home/ayush/hadoop/hadoop-3.3.0/share/hadoop/common/lib/gson-2.2.4.jar:/home/ayush/hadoop/hadoop-3.3.0/share/hadoop/common/lib/guava-27.0-jre.jar:/home/ayush/hadoop/hadoop-3.3.0/share/hadoop/common/lib/hadoop-annotations-3.3.0.jar:/home/ayush/hadoop/hadoop-3.3.0/share/hadoop/common/lib/hadoop-auth-3.3.0.jar:/home/ayush/hadoop/hadoop-3.3.0/share/hadoop/common/lib/hadoop-shaded-protobuf_3_7-1.0.0.jar:/home/ayush/hadoop/hadoop-3.3.0/share/hadoop/common/lib/htrace-core4-4.1.0-incubating.jar:/home/ayush/hadoop/hadoop-3.3.0/share/hadoop/common/lib/httpclient-4.5.6.jar:/home/ayush/hadoop/hadoop-3.3.0/share/hadoop/common/lib/httpcore-4.4.10.jar:/home/ayush/hadoop/hadoop-3.3.0/share/hadoop/common/lib/j2objc-annotations-1.1.jar:/home/ayush/hadoop/hadoop-3.3.0/share/hadoop/common/lib/jackson-annotations-2.10.3.jar:/home/ayush/hadoop/hadoop-3.3.0/share/hadoop/common/lib/jackson-core-2.10.3.jar:/home/ayush/hadoop/hadoop-3.3.0/share/hadoop/common/lib/jackson-core-asl-1.9.13.jar:/home/ayush/hadoop/hadoop-3.3.0/share/hadoop/common/lib/jackson-databind-2.10.3.jar:/home/ayush/hadoop/hadoop-3.3.0/share/hadoop/common/lib/jackson-jaxrs-1.9.13.jar:/home/ayush/hadoop/hadoop-3.3.0/share/hadoop/common/lib/jackson-mapper-asl-1.9.13.jar:/home/ayush/hadoop/hadoop-3.3.0/share/hadoop/common/lib/jackson-xc-1.9.13.jar:/home/ayush/hadoop/hadoop-3.3.0/share/hadoop/common/lib/javax.activation-api-1.2.0.jar:/home/ayush/hadoop/hadoop-3.3.0/share/hadoop/common/lib/javax.servlet-api-3.1.0.jar:/home/ayush/hadoop/hadoop-3.3.0/share/hadoop/common/lib/jaxb-api-2.2.11.jar:/home/ayush/hadoop/hadoop-3.3.0/share/hadoop/common/lib/jaxb-impl-2.2.3-1.jar:/home/ayush/hadoop/hadoop-3.3.0/share/hadoop/common/lib/jcip-annotations-1.0-1.jar:/home/ayush/hadoop/hadoop-3.3.0/share/hadoop/common/lib/jersey-core-1.19.jar:/home/ayush/hadoop/hadoop-3.3.0/share/hadoop/common/lib/jersey-json-1.19.jar:/home/ayush/hadoop/hadoop-3.3.0/share/hadoop/common/lib/jersey-server-1.19.jar:/home/ayush/hadoop/hadoop-3.3.0/share/hadoop/common/lib/jersey-servlet-1.19.jar:/home/ayush/hadoop/hadoop-3.3.0/share/hadoop/common/lib/jettison-1.1.jar:/home/ayush/hadoop/hadoop-3.3.0/share/hadoop/common/lib/jetty-http-9.4.20.v20190813.jar:/home/ayush/hadoop/hadoop-3.3.0/share/hadoop/common/lib/jetty-io-9.4.20.v20190813.jar:/home/ayush/hadoop/hadoop-3.3.0/share/hadoop/common/lib/jetty-security-9.4.20.v20190813.jar:/home/ayush/hadoop/hadoop-3.3.0/share/hadoop/common/lib/jetty-server-9.4.20.v20190813.jar:/home/ayush/hadoop/hadoop-3.3.0/share/hadoop/common/lib/jetty-servlet-9.4.20.v20190813.jar:/home/ayush/hadoop/hadoop-3.3.0/share/hadoop/common/lib/jetty-util-9.4.20.v20190813.jar:/home/ayush/hadoop/hadoop-3.3.0/share/hadoop/common/lib/jetty-webapp-9.4.20.v20190813.jar:/home/ayush/hadoop/hadoop-3.3.0/share/hadoop/common/lib/jetty-xml-9.4.20.v20190813.jar:/home/ayush/hadoop/hadoop-3.3.0/share/hadoop/common/lib/jsch-0.1.55.jar:/home/ayush/hadoop/hadoop-3.3.0/share/hadoop/common/lib/json-smart-2.3.jar:/home/ayush/hadoop/hadoop-3.3.0/share/hadoop/common/lib/jsp-api-2.1.jar:/home/ayush/hadoop/hadoop-3.3.0/share/hadoop/common/lib/jsr305-3.0.2.jar:/home/ayush/hadoop/hadoop-3.3.0/share/hadoop/common/lib/jsr311-api-1.1.1.jar:/home/ayush/hadoop/hadoop-3.3.0/share/hadoop/common/lib/jul-to-slf4j-1.7.25.jar:/home/ayush/hadoop/hadoop-3.3.0/share/hadoop/common/lib/kerb-admin-1.0.1.jar:/home/ayush/hadoop/hadoop-3.3.0/share/hadoop/common/lib/kerb-client-1.0.1.jar:/home/ayush/hadoop/hadoop-3.3.0/share/hadoop/common/lib/kerb-common-1.0.1.jar:/home/ayush/hadoop/hadoop-3.3.0/share/hadoop/common/lib/kerb-core-1.0.1.jar:/home/ayush/hadoop/hadoop-3.3.0/share/hadoop/common/lib/kerb-crypto-1.0.1.jar:/home/ayush/hadoop/hadoop-3.3.0/share/hadoop/common/lib/kerb-identity-1.0.1.jar:/home/ayush/hadoop/hadoop-3.3.0/share/hadoop/common/lib/kerb-server-1.0.1.jar:/home/ayush/hadoop/hadoop-3.3.0/share/hadoop/common/lib/kerb-simplekdc-1.0.1.jar:/home/ayush/hadoop/hadoop-3.3.0/share/hadoop/common/lib/kerb-util-1.0.1.jar:/home/ayush/hadoop/hadoop-3.3.0/share/hadoop/common/lib/kerby-asn1-1.0.1.jar:/home/ayush/hadoop/hadoop-3.3.0/share/hadoop/common/lib/kerby-config-1.0.1.jar:/home/ayush/hadoop/hadoop-3.3.0/share/hadoop/common/lib/kerby-pkix-1.0.1.jar:/home/ayush/hadoop/hadoop-3.3.0/share/hadoop/common/lib/kerby-util-1.0.1.jar:/home/ayush/hadoop/hadoop-3.3.0/share/hadoop/common/lib/kerby-xdr-1.0.1.jar:/home/ayush/hadoop/hadoop-3.3.0/share/hadoop/common/lib/listenablefuture-9999.0-empty-to-avoid-conflict-with-guava.jar:/home/ayush/hadoop/hadoop-3.3.0/share/hadoop/common/lib/log4j-1.2.17.jar:/home/ayush/hadoop/hadoop-3.3.0/share/hadoop/common/lib/metrics-core-3.2.4.jar:/home/ayush/hadoop/hadoop-3.3.0/share/hadoop/common/lib/netty-3.10.6.Final.jar:/home/ayush/hadoop/hadoop-3.3.0/share/hadoop/common/lib/nimbus-jose-jwt-7.9.jar:/home/ayush/hadoop/hadoop-3.3.0/share/hadoop/common/lib/paranamer-2.3.jar:/home/ayush/hadoop/hadoop-3.3.0/share/hadoop/common/lib/protobuf-java-2.5.0.jar:/home/ayush/hadoop/hadoop-3.3.0/share/hadoop/common/lib/re2j-1.1.jar:/home/ayush/hadoop/hadoop-3.3.0/share/hadoop/common/lib/slf4j-api-1.7.25.jar:/home/ayush/hadoop/hadoop-3.3.0/share/hadoop/common/lib/slf4j-log4j12-1.7.25.jar:/home/ayush/hadoop/hadoop-3.3.0/share/hadoop/common/lib/snappy-java-1.0.5.jar:/home/ayush/hadoop/hadoop-3.3.0/share/hadoop/common/lib/stax2-api-3.1.4.jar:/home/ayush/hadoop/hadoop-3.3.0/share/hadoop/common/lib/token-provider-1.0.1.jar:/home/ayush/hadoop/hadoop-3.3.0/share/hadoop/common/lib/woodstox-core-5.0.3.jar:/home/ayush/hadoop/hadoop-3.3.0/share/hadoop/common/lib/zookeeper-3.5.6.jar:/home/ayush/hadoop/hadoop-3.3.0/share/hadoop/common/lib/zookeeper-jute-3.5.6.jar:/home/ayush/hadoop/hadoop-3.3.0/share/hadoop/common/hadoop-common-3.3.0-tests.jar:/home/ayush/hadoop/hadoop-3.3.0/share/hadoop/common/hadoop-common-3.3.0.jar:/home/ayush/hadoop/hadoop-3.3.0/share/hadoop/common/hadoop-kms-3.3.0.jar:/home/ayush/hadoop/hadoop-3.3.0/share/hadoop/common/hadoop-nfs-3.3.0.jar:/home/ayush/hadoop/hadoop-3.3.0/share/hadoop/common/hadoop-registry-3.3.0.jar:/home/ayush/hadoop/hadoop-3.3.0/share/hadoop/hdfs:/home/ayush/hadoop/hadoop-3.3.0/share/hadoop/hdfs/lib/accessors-smart-1.2.jar:/home/ayush/hadoop/hadoop-3.3.0/share/hadoop/hdfs/lib/animal-sniffer-annotations-1.17.jar:/home/ayush/hadoop/hadoop-3.3.0/share/hadoop/hdfs/lib/asm-5.0.4.jar:/home/ayush/hadoop/hadoop-3.3.0/share/hadoop/hdfs/lib/audience-annotations-0.5.0.jar:/home/ayush/hadoop/hadoop-3.3.0/share/hadoop/hdfs/lib/avro-1.7.7.jar:/home/ayush/hadoop/hadoop-3.3.0/share/hadoop/hdfs/lib/checker-qual-2.5.2.jar:/home/ayush/hadoop/hadoop-3.3.0/share/hadoop/hdfs/lib/commons-beanutils-1.9.4.jar:/home/ayush/hadoop/hadoop-3.3.0/share/hadoop/hdfs/lib/commons-cli-1.2.jar:/home/ayush/hadoop/hadoop-3.3.0/share/hadoop/hdfs/lib/commons-codec-1.11.jar:/home/ayush/hadoop/hadoop-3.3.0/share/hadoop/hdfs/lib/commons-collections-3.2.2.jar:/home/ayush/hadoop/hadoop-3.3.0/share/hadoop/hdfs/lib/commons-compress-1.19.jar:/home/ayush/hadoop/hadoop-3.3.0/share/hadoop/hdfs/lib/commons-configuration2-2.1.1.jar:/home/ayush/hadoop/hadoop-3.3.0/share/hadoop/hdfs/lib/commons-daemon-1.0.13.jar:/home/ayush/hadoop/hadoop-3.3.0/share/hadoop/hdfs/lib/commons-io-2.5.jar:/home/ayush/hadoop/hadoop-3.3.0/share/hadoop/hdfs/lib/commons-lang3-3.7.jar:/home/ayush/hadoop/hadoop-3.3.0/share/hadoop/hdfs/lib/commons-logging-1.1.3.jar:/home/ayush/hadoop/hadoop-3.3.0/share/hadoop/hdfs/lib/commons-math3-3.1.1.jar:/home/ayush/hadoop/hadoop-3.3.0/share/hadoop/hdfs/lib/commons-net-3.6.jar:/home/ayush/hadoop/hadoop-3.3.0/share/hadoop/hdfs/lib/commons-text-1.4.jar:/home/ayush/hadoop/hadoop-3.3.0/share/hadoop/hdfs/lib/curator-client-4.2.0.jar:/home/ayush/hadoop/hadoop-3.3.0/share/hadoop/hdfs/lib/curator-framework-4.2.0.jar:/home/ayush/hadoop/hadoop-3.3.0/share/hadoop/hdfs/lib/curator-recipes-4.2.0.jar:/home/ayush/hadoop/hadoop-3.3.0/share/hadoop/hdfs/lib/dnsjava-2.1.7.jar:/home/ayush/hadoop/hadoop-3.3.0/share/hadoop/hdfs/lib/failureaccess-1.0.jar:/home/ayush/hadoop/hadoop-3.3.0/share/hadoop/hdfs/lib/gson-2.2.4.jar:/home/ayush/hadoop/hadoop-3.3.0/share/hadoop/hdfs/lib/guava-27.0-jre.jar:/home/ayush/hadoop/hadoop-3.3.0/share/hadoop/hdfs/lib/hadoop-annotations-3.3.0.jar:/home/ayush/hadoop/hadoop-3.3.0/share/hadoop/hdfs/lib/hadoop-auth-3.3.0.jar:/home/ayush/hadoop/hadoop-3.3.0/share/hadoop/hdfs/lib/hadoop-shaded-protobuf_3_7-1.0.0.jar:/home/ayush/hadoop/hadoop-3.3.0/share/hadoop/hdfs/lib/htrace-core4-4.1.0-incubating.jar:/home/ayush/hadoop/hadoop-3.3.0/share/hadoop/hdfs/lib/httpclient-4.5.6.jar:/home/ayush/hadoop/hadoop-3.3.0/share/hadoop/hdfs/lib/httpcore-4.4.10.jar:/home/ayush/hadoop/hadoop-3.3.0/share/hadoop/hdfs/lib/j2objc-annotations-1.1.jar:/home/ayush/hadoop/hadoop-3.3.0/share/hadoop/hdfs/lib/jackson-annotations-2.10.3.jar:/home/ayush/hadoop/hadoop-3.3.0/share/hadoop/hdfs/lib/jackson-core-2.10.3.jar:/home/ayush/hadoop/hadoop-3.3.0/share/hadoop/hdfs/lib/jackson-core-asl-1.9.13.jar:/home/ayush/hadoop/hadoop-3.3.0/share/hadoop/hdfs/lib/jackson-databind-2.10.3.jar:/home/ayush/hadoop/hadoop-3.3.0/share/hadoop/hdfs/lib/jackson-jaxrs-1.9.13.jar:/home/ayush/hadoop/hadoop-3.3.0/share/hadoop/hdfs/lib/jackson-mapper-asl-1.9.13.jar:/home/ayush/hadoop/hadoop-3.3.0/share/hadoop/hdfs/lib/jackson-xc-1.9.13.jar:/home/ayush/hadoop/hadoop-3.3.0/share/hadoop/hdfs/lib/javax.activation-api-1.2.0.jar:/home/ayush/hadoop/hadoop-3.3.0/share/hadoop/hdfs/lib/javax.servlet-api-3.1.0.jar:/home/ayush/hadoop/hadoop-3.3.0/share/hadoop/hdfs/lib/jaxb-api-2.2.11.jar:/home/ayush/hadoop/hadoop-3.3.0/share/hadoop/hdfs/lib/jaxb-impl-2.2.3-1.jar:/home/ayush/hadoop/hadoop-3.3.0/share/hadoop/hdfs/lib/jcip-annotations-1.0-1.jar:/home/ayush/hadoop/hadoop-3.3.0/share/hadoop/hdfs/lib/jersey-core-1.19.jar:/home/ayush/hadoop/hadoop-3.3.0/share/hadoop/hdfs/lib/jersey-json-1.19.jar:/home/ayush/hadoop/hadoop-3.3.0/share/hadoop/hdfs/lib/jersey-server-1.19.jar:/home/ayush/hadoop/hadoop-3.3.0/share/hadoop/hdfs/lib/jersey-servlet-1.19.jar:/home/ayush/hadoop/hadoop-3.3.0/share/hadoop/hdfs/lib/jettison-1.1.jar:/home/ayush/hadoop/hadoop-3.3.0/share/hadoop/hdfs/lib/jetty-http-9.4.20.v20190813.jar:/home/ayush/hadoop/hadoop-3.3.0/share/hadoop/hdfs/lib/jetty-io-9.4.20.v20190813.jar:/home/ayush/hadoop/hadoop-3.3.0/share/hadoop/hdfs/lib/jetty-security-9.4.20.v20190813.jar:/home/ayush/hadoop/hadoop-3.3.0/share/hadoop/hdfs/lib/jetty-server-9.4.20.v20190813.jar:/home/ayush/hadoop/hadoop-3.3.0/share/hadoop/hdfs/lib/jetty-servlet-9.4.20.v20190813.jar:/home/ayush/hadoop/hadoop-3.3.0/share/hadoop/hdfs/lib/jetty-util-9.4.20.v20190813.jar:/home/ayush/hadoop/hadoop-3.3.0/share/hadoop/hdfs/lib/jetty-util-ajax-9.4.20.v20190813.jar:/home/ayush/hadoop/hadoop-3.3.0/share/hadoop/hdfs/lib/jetty-webapp-9.4.20.v20190813.jar:/home/ayush/hadoop/hadoop-3.3.0/share/hadoop/hdfs/lib/jetty-xml-9.4.20.v20190813.jar:/home/ayush/hadoop/hadoop-3.3.0/share/hadoop/hdfs/lib/jsch-0.1.55.jar:/home/ayush/hadoop/hadoop-3.3.0/share/hadoop/hdfs/lib/json-simple-1.1.1.jar:/home/ayush/hadoop/hadoop-3.3.0/share/hadoop/hdfs/lib/json-smart-2.3.jar:/home/ayush/hadoop/hadoop-3.3.0/share/hadoop/hdfs/lib/jsr305-3.0.2.jar:/home/ayush/hadoop/hadoop-3.3.0/share/hadoop/hdfs/lib/jsr311-api-1.1.1.jar:/home/ayush/hadoop/hadoop-3.3.0/share/hadoop/hdfs/lib/kerb-admin-1.0.1.jar:/home/ayush/hadoop/hadoop-3.3.0/share/hadoop/hdfs/lib/kerb-client-1.0.1.jar:/home/ayush/hadoop/hadoop-3.3.0/share/hadoop/hdfs/lib/kerb-common-1.0.1.jar:/home/ayush/hadoop/hadoop-3.3.0/share/hadoop/hdfs/lib/kerb-core-1.0.1.jar:/home/ayush/hadoop/hadoop-3.3.0/share/hadoop/hdfs/lib/kerb-crypto-1.0.1.jar:/home/ayush/hadoop/hadoop-3.3.0/share/hadoop/hdfs/lib/kerb-identity-1.0.1.jar:/home/ayush/hadoop/hadoop-3.3.0/share/hadoop/hdfs/lib/kerb-server-1.0.1.jar:/home/ayush/hadoop/hadoop-3.3.0/share/hadoop/hdfs/lib/kerb-simplekdc-1.0.1.jar:/home/ayush/hadoop/hadoop-3.3.0/share/hadoop/hdfs/lib/kerb-util-1.0.1.jar:/home/ayush/hadoop/hadoop-3.3.0/share/hadoop/hdfs/lib/kerby-asn1-1.0.1.jar:/home/ayush/hadoop/hadoop-3.3.0/share/hadoop/hdfs/lib/kerby-config-1.0.1.jar:/home/ayush/hadoop/hadoop-3.3.0/share/hadoop/hdfs/lib/kerby-pkix-1.0.1.jar:/home/ayush/hadoop/hadoop-3.3.0/share/hadoop/hdfs/lib/kerby-util-1.0.1.jar:/home/ayush/hadoop/hadoop-3.3.0/share/hadoop/hdfs/lib/kerby-xdr-1.0.1.jar:/home/ayush/hadoop/hadoop-3.3.0/share/hadoop/hdfs/lib/leveldbjni-all-1.8.jar:/home/ayush/hadoop/hadoop-3.3.0/share/hadoop/hdfs/lib/listenablefuture-9999.0-empty-to-avoid-conflict-with-guava.jar:/home/ayush/hadoop/hadoop-3.3.0/share/hadoop/hdfs/lib/log4j-1.2.17.jar:/home/ayush/hadoop/hadoop-3.3.0/share/hadoop/hdfs/lib/netty-3.10.6.Final.jar:/home/ayush/hadoop/hadoop-3.3.0/share/hadoop/hdfs/lib/netty-all-4.1.50.Final.jar:/home/ayush/hadoop/hadoop-3.3.0/share/hadoop/hdfs/lib/nimbus-jose-jwt-7.9.jar:/home/ayush/hadoop/hadoop-3.3.0/share/hadoop/hdfs/lib/okhttp-2.7.5.jar:/home/ayush/hadoop/hadoop-3.3.0/share/hadoop/hdfs/lib/okio-1.6.0.jar:/home/ayush/hadoop/hadoop-3.3.0/share/hadoop/hdfs/lib/paranamer-2.3.jar:/home/ayush/hadoop/hadoop-3.3.0/share/hadoop/hdfs/lib/protobuf-java-2.5.0.jar:/home/ayush/hadoop/hadoop-3.3.0/share/hadoop/hdfs/lib/re2j-1.1.jar:/home/ayush/hadoop/hadoop-3.3.0/share/hadoop/hdfs/lib/snappy-java-1.0.5.jar:/home/ayush/hadoop/hadoop-3.3.0/share/hadoop/hdfs/lib/stax2-api-3.1.4.jar:/home/ayush/hadoop/hadoop-3.3.0/share/hadoop/hdfs/lib/token-provider-1.0.1.jar:/home/ayush/hadoop/hadoop-3.3.0/share/hadoop/hdfs/lib/woodstox-core-5.0.3.jar:/home/ayush/hadoop/hadoop-3.3.0/share/hadoop/hdfs/lib/zookeeper-3.5.6.jar:/home/ayush/hadoop/hadoop-3.3.0/share/hadoop/hdfs/lib/zookeeper-jute-3.5.6.jar:/home/ayush/hadoop/hadoop-3.3.0/share/hadoop/hdfs/hadoop-hdfs-3.3.0-tests.jar:/home/ayush/hadoop/hadoop-3.3.0/share/hadoop/hdfs/hadoop-hdfs-3.3.0.jar:/home/ayush/hadoop/hadoop-3.3.0/share/hadoop/hdfs/hadoop-hdfs-client-3.3.0-tests.jar:/home/ayush/hadoop/hadoop-3.3.0/share/hadoop/hdfs/hadoop-hdfs-client-3.3.0.jar:/home/ayush/hadoop/hadoop-3.3.0/share/hadoop/hdfs/hadoop-hdfs-httpfs-3.3.0.jar:/home/ayush/hadoop/hadoop-3.3.0/share/hadoop/hdfs/hadoop-hdfs-native-client-3.3.0-tests.jar:/home/ayush/hadoop/hadoop-3.3.0/share/hadoop/hdfs/hadoop-hdfs-native-client-3.3.0.jar:/home/ayush/hadoop/hadoop-3.3.0/share/hadoop/hdfs/hadoop-hdfs-nfs-3.3.0.jar:/home/ayush/hadoop/hadoop-3.3.0/share/hadoop/hdfs/hadoop-hdfs-rbf-3.3.0-tests.jar:/home/ayush/hadoop/hadoop-3.3.0/share/hadoop/hdfs/hadoop-hdfs-rbf-3.3.0.jar:/home/ayush/hadoop/hadoop-3.3.0/share/hadoop/mapreduce/hadoop-mapreduce-client-app-3.3.0.jar:/home/ayush/hadoop/hadoop-3.3.0/share/hadoop/mapreduce/hadoop-mapreduce-client-common-3.3.0.jar:/home/ayush/hadoop/hadoop-3.3.0/share/hadoop/mapreduce/hadoop-mapreduce-client-core-3.3.0.jar:/home/ayush/hadoop/hadoop-3.3.0/share/hadoop/mapreduce/hadoop-mapreduce-client-hs-3.3.0.jar:/home/ayush/hadoop/hadoop-3.3.0/share/hadoop/mapreduce/hadoop-mapreduce-client-hs-plugins-3.3.0.jar:/home/ayush/hadoop/hadoop-3.3.0/share/hadoop/mapreduce/hadoop-mapreduce-client-jobclient-3.3.0-tests.jar:/home/ayush/hadoop/hadoop-3.3.0/share/hadoop/mapreduce/hadoop-mapreduce-client-jobclient-3.3.0.jar:/home/ayush/hadoop/hadoop-3.3.0/share/hadoop/mapreduce/hadoop-mapreduce-client-nativetask-3.3.0.jar:/home/ayush/hadoop/hadoop-3.3.0/share/hadoop/mapreduce/hadoop-mapreduce-client-shuffle-3.3.0.jar:/home/ayush/hadoop/hadoop-3.3.0/share/hadoop/mapreduce/hadoop-mapreduce-client-uploader-3.3.0.jar:/home/ayush/hadoop/hadoop-3.3.0/share/hadoop/mapreduce/hadoop-mapreduce-examples-3.3.0.jar:/home/ayush/hadoop/hadoop-3.3.0/share/hadoop/yarn:/home/ayush/hadoop/hadoop-3.3.0/share/hadoop/yarn/lib/aopalliance-1.0.jar:/home/ayush/hadoop/hadoop-3.3.0/share/hadoop/yarn/lib/asm-analysis-7.1.jar:/home/ayush/hadoop/hadoop-3.3.0/share/hadoop/yarn/lib/asm-commons-7.1.jar:/home/ayush/hadoop/hadoop-3.3.0/share/hadoop/yarn/lib/asm-tree-7.1.jar:/home/ayush/hadoop/hadoop-3.3.0/share/hadoop/yarn/lib/bcpkix-jdk15on-1.60.jar:/home/ayush/hadoop/hadoop-3.3.0/share/hadoop/yarn/lib/bcprov-jdk15on-1.60.jar:/home/ayush/hadoop/hadoop-3.3.0/share/hadoop/yarn/lib/ehcache-3.3.1.jar:/home/ayush/hadoop/hadoop-3.3.0/share/hadoop/yarn/lib/fst-2.50.jar:/home/ayush/hadoop/hadoop-3.3.0/share/hadoop/yarn/lib/geronimo-jcache_1.0_spec-1.0-alpha-1.jar:/home/ayush/hadoop/hadoop-3.3.0/share/hadoop/yarn/lib/guice-4.0.jar:/home/ayush/hadoop/hadoop-3.3.0/share/hadoop/yarn/lib/guice-servlet-4.0.jar:/home/ayush/hadoop/hadoop-3.3.0/share/hadoop/yarn/lib/HikariCP-java7-2.4.12.jar:/home/ayush/hadoop/hadoop-3.3.0/share/hadoop/yarn/lib/jackson-jaxrs-base-2.10.3.jar:/home/ayush/hadoop/hadoop-3.3.0/share/hadoop/yarn/lib/jackson-jaxrs-json-provider-2.10.3.jar:/home/ayush/hadoop/hadoop-3.3.0/share/hadoop/yarn/lib/jackson-module-jaxb-annotations-2.10.3.jar:/home/ayush/hadoop/hadoop-3.3.0/share/hadoop/yarn/lib/jakarta.activation-api-1.2.1.jar:/home/ayush/hadoop/hadoop-3.3.0/share/hadoop/yarn/lib/jakarta.xml.bind-api-2.3.2.jar:/home/ayush/hadoop/hadoop-3.3.0/share/hadoop/yarn/lib/java-util-1.9.0.jar:/home/ayush/hadoop/hadoop-3.3.0/share/hadoop/yarn/lib/javax-websocket-client-impl-9.4.20.v20190813.jar:/home/ayush/hadoop/hadoop-3.3.0/share/hadoop/yarn/lib/javax-websocket-server-impl-9.4.20.v20190813.jar:/home/ayush/hadoop/hadoop-3.3.0/share/hadoop/yarn/lib/javax.inject-1.jar:/home/ayush/hadoop/hadoop-3.3.0/share/hadoop/yarn/lib/javax.websocket-api-1.0.jar:/home/ayush/hadoop/hadoop-3.3.0/share/hadoop/yarn/lib/javax.websocket-client-api-1.0.jar:/home/ayush/hadoop/hadoop-3.3.0/share/hadoop/yarn/lib/jersey-client-1.19.jar:/home/ayush/hadoop/hadoop-3.3.0/share/hadoop/yarn/lib/jersey-guice-1.19.jar:/home/ayush/hadoop/hadoop-3.3.0/share/hadoop/yarn/lib/jetty-annotations-9.4.20.v20190813.jar:/home/ayush/hadoop/hadoop-3.3.0/share/hadoop/yarn/lib/jetty-client-9.4.20.v20190813.jar:/home/ayush/hadoop/hadoop-3.3.0/share/hadoop/yarn/lib/jetty-jndi-9.4.20.v20190813.jar:/home/ayush/hadoop/hadoop-3.3.0/share/hadoop/yarn/lib/jetty-plus-9.4.20.v20190813.jar:/home/ayush/hadoop/hadoop-3.3.0/share/hadoop/yarn/lib/jline-3.9.0.jar:/home/ayush/hadoop/hadoop-3.3.0/share/hadoop/yarn/lib/jna-5.2.0.jar:/home/ayush/hadoop/hadoop-3.3.0/share/hadoop/yarn/lib/json-io-2.5.1.jar:/home/ayush/hadoop/hadoop-3.3.0/share/hadoop/yarn/lib/metrics-core-3.2.4.jar:/home/ayush/hadoop/hadoop-3.3.0/share/hadoop/yarn/lib/mssql-jdbc-6.2.1.jre7.jar:/home/ayush/hadoop/hadoop-3.3.0/share/hadoop/yarn/lib/objenesis-2.6.jar:/home/ayush/hadoop/hadoop-3.3.0/share/hadoop/yarn/lib/snakeyaml-1.16.jar:/home/ayush/hadoop/hadoop-3.3.0/share/hadoop/yarn/lib/swagger-annotations-1.5.4.jar:/home/ayush/hadoop/hadoop-3.3.0/share/hadoop/yarn/lib/websocket-api-9.4.20.v20190813.jar:/home/ayush/hadoop/hadoop-3.3.0/share/hadoop/yarn/lib/websocket-client-9.4.20.v20190813.jar:/home/ayush/hadoop/hadoop-3.3.0/share/hadoop/yarn/lib/websocket-common-9.4.20.v20190813.jar:/home/ayush/hadoop/hadoop-3.3.0/share/hadoop/yarn/lib/websocket-server-9.4.20.v20190813.jar:/home/ayush/hadoop/hadoop-3.3.0/share/hadoop/yarn/lib/websocket-servlet-9.4.20.v20190813.jar:/home/ayush/hadoop/hadoop-3.3.0/share/hadoop/yarn/hadoop-yarn-api-3.3.0.jar:/home/ayush/hadoop/hadoop-3.3.0/share/hadoop/yarn/hadoop-yarn-applications-distributedshell-3.3.0.jar:/home/ayush/hadoop/hadoop-3.3.0/share/hadoop/yarn/hadoop-yarn-applications-mawo-core-3.3.0.jar:/home/ayush/hadoop/hadoop-3.3.0/share/hadoop/yarn/hadoop-yarn-applications-unmanaged-am-launcher-3.3.0.jar:/home/ayush/hadoop/hadoop-3.3.0/share/hadoop/yarn/hadoop-yarn-client-3.3.0.jar:/home/ayush/hadoop/hadoop-3.3.0/share/hadoop/yarn/hadoop-yarn-common-3.3.0.jar:/home/ayush/hadoop/hadoop-3.3.0/share/hadoop/yarn/hadoop-yarn-registry-3.3.0.jar:/home/ayush/hadoop/hadoop-3.3.0/share/hadoop/yarn/hadoop-yarn-server-applicationhistoryservice-3.3.0.jar:/home/ayush/hadoop/hadoop-3.3.0/share/hadoop/yarn/hadoop-yarn-server-common-3.3.0.jar:/home/ayush/hadoop/hadoop-3.3.0/share/hadoop/yarn/hadoop-yarn-server-nodemanager-3.3.0.jar:/home/ayush/hadoop/hadoop-3.3.0/share/hadoop/yarn/hadoop-yarn-server-resourcemanager-3.3.0.jar:/home/ayush/hadoop/hadoop-3.3.0/share/hadoop/yarn/hadoop-yarn-server-router-3.3.0.jar:/home/ayush/hadoop/hadoop-3.3.0/share/hadoop/yarn/hadoop-yarn-server-sharedcachemanager-3.3.0.jar:/home/ayush/hadoop/hadoop-3.3.0/share/hadoop/yarn/hadoop-yarn-server-tests-3.3.0.jar:/home/ayush/hadoop/hadoop-3.3.0/share/hadoop/yarn/hadoop-yarn-server-timeline-pluginstorage-3.3.0.jar:/home/ayush/hadoop/hadoop-3.3.0/share/hadoop/yarn/hadoop-yarn-server-web-proxy-3.3.0.jar:/home/ayush/hadoop/hadoop-3.3.0/share/hadoop/yarn/hadoop-yarn-services-api-3.3.0.jar:/home/ayush/hadoop/hadoop-3.3.0/share/hadoop/yarn/hadoop-yarn-services-core-3.3.0.jar
STARTUP_MSG:   build = https://gitbox.apache.org/repos/asf/hadoop.git -r aa96f1871bfd858f9bac59cf2a81ec470da649af; compiled by 'brahma' on 2020-07-06T18:44Z
STARTUP_MSG:   java = 1.8.0_292
************************************************************/
2021-09-10 10:58:20,325 INFO namenode.NameNode: registered UNIX signal handlers for [TERM, HUP, INT]
2021-09-10 10:58:20,516 INFO namenode.NameNode: createNameNode [-format]
2021-09-10 10:58:21,867 INFO namenode.NameNode: Formatting using clusterid: CID-199e8495-4684-40c9-857d-9b93267fc975
2021-09-10 10:58:21,925 INFO namenode.FSEditLog: Edit logging is async:true
2021-09-10 10:58:21,967 INFO namenode.FSNamesystem: KeyProvider: null
2021-09-10 10:58:21,977 INFO namenode.FSNamesystem: fsLock is fair: true
2021-09-10 10:58:21,981 INFO namenode.FSNamesystem: Detailed lock hold time metrics enabled: false
2021-09-10 10:58:22,039 INFO namenode.FSNamesystem: fsOwner                = ayush (auth:SIMPLE)
2021-09-10 10:58:22,039 INFO namenode.FSNamesystem: supergroup             = supergroup
2021-09-10 10:58:22,039 INFO namenode.FSNamesystem: isPermissionEnabled    = false
2021-09-10 10:58:22,039 INFO namenode.FSNamesystem: isStoragePolicyEnabled = true
2021-09-10 10:58:22,039 INFO namenode.FSNamesystem: HA Enabled: false
2021-09-10 10:58:22,102 INFO common.Util: dfs.datanode.fileio.profiling.sampling.percentage set to 0. Disabling file IO profiling
2021-09-10 10:58:22,140 INFO blockmanagement.DatanodeManager: dfs.block.invalidate.limit: configured=1000, counted=60, effected=1000
2021-09-10 10:58:22,140 INFO blockmanagement.DatanodeManager: dfs.namenode.datanode.registration.ip-hostname-check=true
2021-09-10 10:58:22,144 INFO blockmanagement.BlockManager: dfs.namenode.startup.delay.block.deletion.sec is set to 000:00:00:00.000
2021-09-10 10:58:22,144 INFO blockmanagement.BlockManager: The block deletion will start around 2021 Sep 10 10:58:22
2021-09-10 10:58:22,145 INFO util.GSet: Computing capacity for map BlocksMap
2021-09-10 10:58:22,145 INFO util.GSet: VM type       = 64-bit
2021-09-10 10:58:22,148 INFO util.GSet: 2.0% max memory 1.7 GB = 35.7 MB
2021-09-10 10:58:22,148 INFO util.GSet: capacity      = 2^22 = 4194304 entries
2021-09-10 10:58:22,158 INFO blockmanagement.BlockManager: Storage policy satisfier is disabled
2021-09-10 10:58:22,158 INFO blockmanagement.BlockManager: dfs.block.access.token.enable = false
2021-09-10 10:58:22,165 INFO blockmanagement.BlockManagerSafeMode: dfs.namenode.safemode.threshold-pct = 0.999
2021-09-10 10:58:22,165 INFO blockmanagement.BlockManagerSafeMode: dfs.namenode.safemode.min.datanodes = 0
2021-09-10 10:58:22,165 INFO blockmanagement.BlockManagerSafeMode: dfs.namenode.safemode.extension = 30000
2021-09-10 10:58:22,196 INFO blockmanagement.BlockManager: defaultReplication         = 1
2021-09-10 10:58:22,196 INFO blockmanagement.BlockManager: maxReplication             = 512
2021-09-10 10:58:22,196 INFO blockmanagement.BlockManager: minReplication             = 1
2021-09-10 10:58:22,196 INFO blockmanagement.BlockManager: maxReplicationStreams      = 2
2021-09-10 10:58:22,196 INFO blockmanagement.BlockManager: redundancyRecheckInterval  = 3000ms
2021-09-10 10:58:22,196 INFO blockmanagement.BlockManager: encryptDataTransfer        = false
2021-09-10 10:58:22,196 INFO blockmanagement.BlockManager: maxNumBlocksToLog          = 1000
2021-09-10 10:58:22,251 INFO namenode.FSDirectory: GLOBAL serial map: bits=29 maxEntries=536870911
2021-09-10 10:58:22,251 INFO namenode.FSDirectory: USER serial map: bits=24 maxEntries=16777215
2021-09-10 10:58:22,251 INFO namenode.FSDirectory: GROUP serial map: bits=24 maxEntries=16777215
2021-09-10 10:58:22,251 INFO namenode.FSDirectory: XATTR serial map: bits=24 maxEntries=16777215
2021-09-10 10:58:22,268 INFO util.GSet: Computing capacity for map INodeMap
2021-09-10 10:58:22,268 INFO util.GSet: VM type       = 64-bit
2021-09-10 10:58:22,268 INFO util.GSet: 1.0% max memory 1.7 GB = 17.9 MB
2021-09-10 10:58:22,268 INFO util.GSet: capacity      = 2^21 = 2097152 entries
2021-09-10 10:58:22,269 INFO namenode.FSDirectory: ACLs enabled? true
2021-09-10 10:58:22,269 INFO namenode.FSDirectory: POSIX ACL inheritance enabled? true
2021-09-10 10:58:22,269 INFO namenode.FSDirectory: XAttrs enabled? true
2021-09-10 10:58:22,269 INFO namenode.NameNode: Caching file names occurring more than 10 times
2021-09-10 10:58:22,278 INFO snapshot.SnapshotManager: Loaded config captureOpenFiles: false, skipCaptureAccessTimeOnlyChange: false, snapshotDiffAllowSnapRootDescendant: true, maxSnapshotLimit: 65536
2021-09-10 10:58:22,279 INFO snapshot.SnapshotManager: SkipList is disabled
2021-09-10 10:58:22,283 INFO util.GSet: Computing capacity for map cachedBlocks
2021-09-10 10:58:22,283 INFO util.GSet: VM type       = 64-bit
2021-09-10 10:58:22,284 INFO util.GSet: 0.25% max memory 1.7 GB = 4.5 MB
2021-09-10 10:58:22,284 INFO util.GSet: capacity      = 2^19 = 524288 entries
2021-09-10 10:58:22,293 INFO metrics.TopMetrics: NNTop conf: dfs.namenode.top.window.num.buckets = 10
2021-09-10 10:58:22,293 INFO metrics.TopMetrics: NNTop conf: dfs.namenode.top.num.users = 10
2021-09-10 10:58:22,293 INFO metrics.TopMetrics: NNTop conf: dfs.namenode.top.windows.minutes = 1,5,25
2021-09-10 10:58:22,297 INFO namenode.FSNamesystem: Retry cache on namenode is enabled
2021-09-10 10:58:22,297 INFO namenode.FSNamesystem: Retry cache will use 0.03 of total heap and retry cache entry expiry time is 600000 millis
2021-09-10 10:58:22,300 INFO util.GSet: Computing capacity for map NameNodeRetryCache
2021-09-10 10:58:22,300 INFO util.GSet: VM type       = 64-bit
2021-09-10 10:58:22,300 INFO util.GSet: 0.029999999329447746% max memory 1.7 GB = 549.0 KB
2021-09-10 10:58:22,300 INFO util.GSet: capacity      = 2^16 = 65536 entries
2021-09-10 10:58:22,340 INFO namenode.FSImage: Allocated new BlockPoolId: BP-1177585527-127.0.1.1-1631251702330
2021-09-10 10:58:22,423 INFO common.Storage: Storage directory /tmp/hadoop-ayush/dfs/name has been successfully formatted.
2021-09-10 10:58:22,535 INFO namenode.FSImageFormatProtobuf: Saving image file /tmp/hadoop-ayush/dfs/name/current/fsimage.ckpt_0000000000000000000 using no compression
2021-09-10 10:58:22,824 INFO namenode.FSImageFormatProtobuf: Image file /tmp/hadoop-ayush/dfs/name/current/fsimage.ckpt_0000000000000000000 of size 400 bytes saved in 0 seconds .
2021-09-10 10:58:22,917 INFO namenode.NNStorageRetentionManager: Going to retain 1 images with txid >= 0
2021-09-10 10:58:23,074 INFO namenode.FSImage: FSImageSaver clean checkpoint: txid=0 when meet shutdown.
2021-09-10 10:58:23,075 INFO namenode.NameNode: SHUTDOWN_MSG: 
/************************************************************
SHUTDOWN_MSG: Shutting down NameNode at MSI.localdomain/127.0.1.1
************************************************************/
ayush@MSI:~/hadoop/hadoop-3.3.0$ sbin/start-dfs.sh
Starting namenodes on [localhost]
localhost: ssh: connect to host localhost port 22: Connection refused
Starting datanodes
localhost: ssh: connect to host localhost port 22: Connection refused
Starting secondary namenodes [MSI]
MSI: ssh: connect to host msi port 22: Connection refused
ayush@MSI:~/hadoop/hadoop-3.3.0$ sudo apt-get install ssh
[sudo] password for ayush: 
Reading package lists... Done
Building dependency tree       
Reading state information... Done
ssh is already the newest version (1:8.2p1-4ubuntu0.3).
0 upgraded, 0 newly installed, 0 to remove and 232 not upgraded.
ayush@MSI:~/hadoop/hadoop-3.3.0$ sudo service ssh restart
 * Restarting OpenBSD Secure Shell server sshd                                                                                         [ OK ] 
ayush@MSI:~/hadoop/hadoop-3.3.0$ sbin/start-dfs.sh
Starting namenodes on [localhost]
Starting datanodes
Starting secondary namenodes [MSI]
ayush@MSI:~/hadoop/hadoop-3.3.0$ sbin/start-yarn.sh
Starting resourcemanager
Starting nodemanagers
ayush@MSI:~/hadoop/hadoop-3.3.0$ jps
1346 NameNode
2242 NodeManager
1796 SecondaryNameNode
1514 DataNode
2077 ResourceManager
2623 Jps
ayush@MSI:~/hadoop/hadoop-3.3.0$ hdfs dfs -ls /

ayush@MSI:~/hadoop/hadoop-3.3.0$ 
ayush@MSI:~/hadoop/hadoop-3.3.0$ hdfs dfs -ls /
ayush@MSI:~/hadoop/hadoop-3.3.0$ hdfs dfs -ls /
ayush@MSI:~/hadoop/hadoop-3.3.0$ hdfs dfs -mkdir /exp1
ayush@MSI:~/hadoop/hadoop-3.3.0$ hdfs dfs -ls /
Found 1 items
drwxr-xr-x   - ayush supergroup          0 2021-09-10 11:14 /exp1
ayush@MSI:~/hadoop/hadoop-3.3.0$ echo "my name is pratik. what is there in the name?" | python3 /mapper.py | sort -k1,1 | python3 /reducer.py
python3: can't open file '/reducer.py': [Errno 2] No such file or directory
python3: can't open file '/mapper.py': [Errno 2] No such file or directory
ayush@MSI:~/hadoop/hadoop-3.3.0$ echo "my name is pratik. what is there in the name?" | python3 /Downloads/mapper.py | sort -k1,1 | python3 /Downloads/reducer.py
python3: can't open file '/Downloads/mapper.py': [Errno 2] No such file or directory
python3: can't open file '/Downloads/reducer.py': [Errno 2] No such file or directory
ayush@MSI:~/hadoop/hadoop-3.3.0$ ^C
ayush@MSI:~/hadoop/hadoop-3.3.0$ echo "my name is pratik. what is there in the name?" | python3 ~/Downloads/mapper.py | sort -k1,1 | python3 ~/Downloads/reducer.py
python3: can't open file '/home/ayush/Downloads/mapper.py': [Errno 2] No such file or directory
python3: can't open file '/home/ayush/Downloads/reducer.py': [Errno 2] No such file or directory
ayush@MSI:~/hadoop/hadoop-3.3.0$ echo "my name is pratik. what is there in the name?" | python3 /mapper.py | sort -k1,1 | python3 /reducer.py python3: can't open file '/mapper.py': [Errno 2] No such file or directory
python3: can't open file '/reducer.py': [Errno 2] No such file or directory
ayush@MSI:~/hadoop/hadoop-3.3.0$ echo "my name is pratik. what is there in the name?" | python3 /mapper.py | sort -k1,1 | python3 /reducer.py
python3: can't open file '/mapper.py': [Errno 2] No such file or directory
python3: can't open file '/reducer.py': [Errno 2] No such file or directory
ayush@MSI:~/hadoop/hadoop-3.3.0$ echo "my name is pratik. what is there in the name?" | python3 /mapper.py | sort -k1,1 | python3 /reducer.py
python3: can't open file '/mapper.py': [Errno 2] No such file or directory
python3: can't open file '/reducer.py': [Errno 2] No such file or directory
ayush@MSI:~/hadoop/hadoop-3.3.0$ echo "my name is pratik. what is there in the name?" | python3 /mapper.py | sort -k1,1 | python3 /reducer.py
python3: can't open file '/mapper.py': [Errno 2] No such file or directory
python3: can't open file '/reducer.py': [Errno 2] No such file or directory
ayush@MSI:~/hadoop/hadoop-3.3.0$ echo "my name is pratik. what is there in the name?" | python3 /Desktop/mapper.py | sort -k1,1 | python3 /Desktop/reducer.py
python3: can't open file '/Desktop/mapper.py': [Errno 2] No such file or directory
python3: can't open file '/Desktop/reducer.py': [Errno 2] No such file or directory
ayush@MSI:~/hadoop/hadoop-3.3.0$ echo "my name is pratik. what is there in the name?" | python3 ~/Desktop/mapper.py | sort -k1,1 | python3 ~/Desktop/reducer.py
python3: can't open file '/home/ayush/Desktop/mapper.py': [Errno 2] No such file or directory
python3: can't open file '/home/ayush/Desktop/reducer.py': [Errno 2] No such file or directory
ayush@MSI:~/hadoop/hadoop-3.3.0$ echo "my name is pratik. what is there in the name?" | python3 ~/Downloads/mapper.py | sort -k1,1 | python3 ~/Downloads/reducer.py
python3: can't open file '/home/ayush/Downloads/mapper.py': [Errno 2] No such file or directory
python3: can't open file '/home/ayush/Downloads/reducer.py': [Errno 2] No such file or directory
ayush@MSI:~/hadoop/hadoop-3.3.0$ echo "my name is pratik. what is there in the name?" | python3 /Downloads/mapper.py | sort -k1,1 | python3 /Downloads/reducer.py
python3: can't open file '/Downloads/mapper.py': [Errno 2] No such file or directory
python3: can't open file '/Downloads/reducer.py': [Errno 2] No such file or directory
ayush@MSI:~/hadoop/hadoop-3.3.0$ echo "my name is pratik. what is there in the name?" | python3 C:\Users\inayu\Downloads\mapper.py | sort -k1,1 | python3 C:\Users\inayu\Downloads\reducer.py
python3: can't open file 'C:UsersinayuDownloadsmapper.py': [Errno 2] No such file or directory
python3: can't open file 'C:UsersinayuDownloadsreducer.py': [Errno 2] No such file or directory
ayush@MSI:~/hadoop/hadoop-3.3.0$ echo "my name is pratik. what is there in the name?" | python3 ~/mapper.py | sort -k1,1 | python3 ~/reducer.py
python3: can't open file '/home/ayush/mapper.py': [Errno 2] No such file or directory
python3: can't open file '/home/ayush/reducer.py': [Errno 2] No such file or directory
ayush@MSI:~/hadoop/hadoop-3.3.0$ echo "my name is pratik. what is there in the name?" | python3 /mapper.py | sort -k1,1 | python3 /reducer.py
python3: can't open file '/mapper.py': [Errno 2] No such file or directory
python3: can't open file '/reducer.py': [Errno 2] No such file or directory
ayush@MSI:~/hadoop/hadoop-3.3.0$ echo "my name is pratik. what is there in the name?" | python3 ~/mapper.py | sort -k1,1 | python3 ~/reducer.py
python3: can't open file '/home/ayush/mapper.py': [Errno 2] No such file or directory
python3: can't open file '/home/ayush/reducer.py': [Errno 2] No such file or directory
ayush@MSI:~/hadoop/hadoop-3.3.0$ echo "my name is pratik. what is there in the name?" | python3 ~/mapper.py | sort -k1,1 | python3 ~/reducer.py
python3: can't open file '/home/ayush/mapper.py': [Errno 13] Permission denied
python3: can't open file '/home/ayush/reducer.py': [Errno 13] Permission denied
ayush@MSI:~/hadoop/hadoop-3.3.0$ chmod +x ~/Downloads/mapper.py                                                                               chmod: cannot access '/home/ayush/Downloads/mapper.py': No such file or directory
ayush@MSI:~/hadoop/hadoop-3.3.0$ chmod +x ~/mapper.py
ayush@MSI:~/hadoop/hadoop-3.3.0$ chmod +x ~/reducer.py
ayush@MSI:~/hadoop/hadoop-3.3.0$ echo "my name is pratik. what is there in the name?" | python3 ~/mapper.py | sort -k1,1 | python3 ~/reducer.py
python3: can't open file '/home/ayush/mapper.py': [Errno 13] Permission denied
python3: can't open file '/home/ayush/reducer.py': [Errno 13] Permission denied
ayush@MSI:~/hadoop/hadoop-3.3.0$ chmod a+x ~/mapper.py
ayush@MSI:~/hadoop/hadoop-3.3.0$ chmod a+x ~/reducer.py
ayush@MSI:~/hadoop/hadoop-3.3.0$ chmod a+rx ~/mapper.py
ayush@MSI:~/hadoop/hadoop-3.3.0$ chmod a+rx ~/reducer.py
ayush@MSI:~/hadoop/hadoop-3.3.0$ echo "my name is pratik. what is there in the name?" | python3 ~/mapper.py | sort -k1,1 | python3 ~/reducer.py
  File "/home/ayush/reducer.py", line 15
    count = int(count)
  File "/home/ayush/mapper.py", line 15
                     ^
    print '%s\t%s' % (word, 1)
TabError: inconsistent use of tabs and spaces in indentation
          ^
SyntaxError: invalid syntax
ayush@MSI:~/hadoop/hadoop-3.3.0$ echo "my name is pratik. what is there in the name?" | python3 ~/mapper.py | sort -k1,1 | python3 ~/reducer.py
python3: can't open file '/home/ayush/mapper.py': [Errno 13] Permission denied
  File "/home/ayush/reducer.py", line 15
    count = int(count)
                     ^
TabError: inconsistent use of tabs and spaces in indentation
ayush@MSI:~/hadoop/hadoop-3.3.0$ echo "my name is pratik. what is there in the name?" | python3 ~/mapper.py | sort -k1,1 | python3 ~/reducer.py
python3: can't open file '/home/ayush/mapper.py': [Errno 13] Permission denied
  File "/home/ayush/reducer.py", line 15
    count = int(count)
                     ^
TabError: inconsistent use of tabs and spaces in indentation
ayush@MSI:~/hadoop/hadoop-3.3.0$ echo "my name is pratik. what is there in the name?" | python3 ~/mapper.py | sort -k1,1 | python3 ~/reducer.py
python3: can't open file '/home/ayush/mapper.py': [Errno 13] Permission denied
python3: can't open file '/home/ayush/reducer.py': [Errno 13] Permission denied
ayush@MSI:~/hadoop/hadoop-3.3.0$ echo "my name is pratik. what is there in the name?" | python3 ~/mapper.py | sort -k1,1 | python3 ~/reducer.py
python3: can't open file '/home/ayush/mapper.py': [Errno 13] Permission denied
python3: can't open file '/home/ayush/reducer.py': [Errno 13] Permission denied
ayush@MSI:~/hadoop/hadoop-3.3.0$ chmod a+rx ~/mapper.py
ayush@MSI:~/hadoop/hadoop-3.3.0$ chmod a+x ~/reducer.py
ayush@MSI:~/hadoop/hadoop-3.3.0$ chmod a+rx ~/reducer.py
ayush@MSI:~/hadoop/hadoop-3.3.0$ echo "my name is pratik. what is there in the name?" | python3 ~/mapper.py | sort -k1,1 | python3 ~/reducer.py
  File "/home/ayush/mapper.py", line 15
    print '%s\t%s' % (word, 1)
          ^
SyntaxError: invalid syntax
  File "/home/ayush/reducer.py", line 15
    count = int(count())
                       ^
TabError: inconsistent use of tabs and spaces in indentation
ayush@MSI:~/hadoop/hadoop-3.3.0$ echo "my name is pratik. what is there in the name?" | python3 ~/mapper.py | sort -k1,1 | python3 ~/reducer.py
python3: can't open file '/home/ayush/mapper.py': [Errno 13] Permission denied
  File "/home/ayush/reducer.py", line 15
    count = int(count())
                       ^
TabError: inconsistent use of tabs and spaces in indentation
ayush@MSI:~/hadoop/hadoop-3.3.0$ echo "my name is pratik. what is there in the name?" | python3 ~/mapper.py | sort -k1,1 | python3 ~/reducer.py
python3: can't open file '/home/ayush/mapper.py': [Errno 13] Permission denied
python3: can't open file '/home/ayush/reducer.py': [Errno 13] Permission denied
ayush@MSI:~/hadoop/hadoop-3.3.0$ chmod a+rx ~/mapper.py
ayush@MSI:~/hadoop/hadoop-3.3.0$ chmod a+rx ~/reducer.py
ayush@MSI:~/hadoop/hadoop-3.3.0$ echo "my name is pratik. what is there in the name?" | python3 ~/mapper.py | sort -k1,1 | python3 ~/reducer.py
  File "/home/ayush/mapper.py", line 15
    print '%s\t%s' % (word, 1)
          ^
SyntaxError: invalid syntax
  File "/home/ayush/reducer.py", line 15
    count = int(count)
                     ^
TabError: inconsistent use of tabs and spaces in indentation
ayush@MSI:~/hadoop/hadoop-3.3.0$ echo "my name is pratik. what is there in the name?" | python3 ~/mapper.py | sort -k1,1 | python3 ~/reducer.py
python3: can't open file '/home/ayush/mapper.py': [Errno 13] Permission denied
  File "/home/ayush/reducer.py", line 15
    count = int(count)
                     ^
TabError: inconsistent use of tabs and spaces in indentation
ayush@MSI:~/hadoop/hadoop-3.3.0$ echo "my name is pratik. what is there in the name?" | python3 ~/mapper.py | sort -k1,1 | python3 ~/reducer.py
python3: can't open file '/home/ayush/mapper.py': [Errno 13] Permission denied
python3: can't open file '/home/ayush/reducer.py': [Errno 13] Permission denied
ayush@MSI:~/hadoop/hadoop-3.3.0$ chmod a+rx ~/mapper.py
ayush@MSI:~/hadoop/hadoop-3.3.0$ chmod a+rx ~/mapper.py
ayush@MSI:~/hadoop/hadoop-3.3.0$ chmod a+rx ~/reducer.py
ayush@MSI:~/hadoop/hadoop-3.3.0$ echo "my name is pratik. what is there in the name?" | python3 ~/mapper.py | sort -k1,1 | python3 ~/reducer.py
  File "/home/ayush/reducer.py", line 15
    count = int(count())
                       ^
TabError: inconsistent use of tabs and spaces in indentation
ayush@MSI:~/hadoop/hadoop-3.3.0$ echo "my name is pratik. what is there in the name?" | python3 ~/mapper.py | sort -k1,1 | python3 ~/reducer.py
  File "/home/ayush/reducer.py", line 15
    count = int(count)
                     ^
IndentationError: unindent does not match any outer indentation level
ayush@MSI:~/hadoop/hadoop-3.3.0$ echo "my name is pratik. what is there in the name?" | python3 ~/mapper.py | sort -k1,1 | python3 ~/reducer.py
  File "/home/ayush/reducer.py", line 15
    count = int(count)
                     ^
IndentationError: unindent does not match any outer indentation level
ayush@MSI:~/hadoop/hadoop-3.3.0$ echo "my name is pratik. what is there in the name?" | python3 ~/mapper.py | sort -k1,1 | python3 ~/reducer.py
  File "/home/ayush/reducer.py", line 15
    count = int(count)
                     ^
IndentationError: unindent does not match any outer indentation level
ayush@MSI:~/hadoop/hadoop-3.3.0$ echo "my name is pratik. what is there in the name?" | python3 ~/mapper.py | sort -k1,1 | python3 ~/reducer.py
  File "/home/ayush/reducer.py", line 15
    count = int(count())
                       ^
IndentationError: unindent does not match any outer indentation level
ayush@MSI:~/hadoop/hadoop-3.3.0$ echo "my name is pratik. what is there in the name?" | python3 ~/mapper.py | sort -k1,1 | python3 ~/reducer.py
  File "/home/ayush/reducer.py", line 27
    print '%s\t%s' % (current_word, current_count)
          ^
SyntaxError: invalid syntax
ayush@MSI:~/hadoop/hadoop-3.3.0$ echo "my name is pratik. what is there in the name?" | python3 ~/mapper.py | sort -k1,1 | python3 ~/reducer.py
  File "/home/ayush/reducer.py", line 27
    print '%s\t%s' % (current_word, current_count)
          ^
SyntaxError: invalid syntax
ayush@MSI:~/hadoop/hadoop-3.3.0$ echo "my name is pratik. what is there in the name?" | python3 ~/mapper.py | sort -k1,1 | python3 ~/reducer.py
  File "/home/ayush/reducer.py", line 27
    print '%s\t%s' % (current_word, current_count)
          ^
SyntaxError: invalid syntax
ayush@MSI:~/hadoop/hadoop-3.3.0$ echo "my name is pratik. what is there in the name?" | python3 ~/mapper.py | sort -k1,1 | python3 ~/reducer.py
in      1
is      2
my      1
name    1
name?   1
pratik. 1
the     1
there   1
what    1
ayush@MSI:~/hadoop/hadoop-3.3.0$ echo "my name is pratik. what is there in the name?" | python3 ~/mapper.py | sort -k1,1 | python3 ~/reducer.py
in      1
is      2
my      1
name    1
name?   1
pratik. 1
the     1
there   1
what    1
ayush@MSI:~/hadoop/hadoop-3.3.0$ hdfs dfs -put ~/big.txt /exp1
put: /home/ayush/big.txt (Permission denied)
ayush@MSI:~/hadoop/hadoop-3.3.0$ chmod a+rx ~/big.txt
ayush@MSI:~/hadoop/hadoop-3.3.0$ hdfs dfs -put ~/big.txt /exp1
ayush@MSI:~/hadoop/hadoop-3.3.0$ hadoop jar ~/hadoop/hadoop-3.3.0/share/hadoop/tools/lib/hadoop-streaming-3.3.0.jar -file mapper.py reducer.py -mapper "python3 ~/mapper.py" -reducer "python3 ~/reducer.py" -input ~/big.txt -output ~/output_3
2021-09-10 12:57:32,117 WARN streaming.StreamJob: -file option is deprecated, please use generic option -files instead.
File: file:/home/ayush/hadoop/hadoop-3.3.0/mapper.py does not exist.
Try -help for more information
Streaming Command Failed!
ayush@MSI:~/hadoop/hadoop-3.3.0$ ayush@MSI:~/hadoop/hadoop-3.3.0$ hadoop jar ~/hadoop/hadoop-3.3.0/share/hadoop/tools/lib/hadoop-streaming-3.3.0.jar -file mapper.py reducer.py -mapper "python3 mapper.py" -reducer "python3 reducer.py" -input /big -output /output_3
2021-09-10 12:58:30,215 WARN streaming.StreamJob: -file option is deprecated, please use generic option -files instead.
File: file:/home/ayush/hadoop/hadoop-3.3.0/mapper.py does not exist.
Try -help for more information
Streaming Command Failed!
ayush@MSI:~/hadoop/hadoop-3.3.0$ hadoop jar ~/hadoop/hadoop-3.3.0/share/hadoop/tools/lib/hadoop-streaming-3.3.0.jar -file mapper.py reducer.py -mapper "python3 mapper.py" -reducer "python3 reducer.py" -input /big -output /output_3
2021-09-10 12:59:08,313 WARN streaming.StreamJob: -file option is deprecated, please use generic option -files instead.
packageJobJar: [mapper.py, reducer.py, /tmp/hadoop-unjar2473579713111588105/] [] /tmp/streamjob9052419639605248570.jar tmpDir=null
2021-09-10 12:59:11,464 INFO client.DefaultNoHARMFailoverProxyProvider: Connecting to ResourceManager at /0.0.0.0:8032
2021-09-10 12:59:11,898 INFO client.DefaultNoHARMFailoverProxyProvider: Connecting to ResourceManager at /0.0.0.0:8032
2021-09-10 12:59:12,782 INFO mapreduce.JobResourceUploader: Disabling Erasure Coding for path: /tmp/hadoop-yarn/staging/ayush/.staging/job_1631251890598_0001
2021-09-10 12:59:13,346 INFO mapreduce.JobSubmitter: Cleaning up the staging area /tmp/hadoop-yarn/staging/ayush/.staging/job_1631251890598_0001
2021-09-10 12:59:13,439 ERROR streaming.StreamJob: Error Launching job : Input path does not exist: hdfs://localhost:9000/big
Streaming Command Failed!
ayush@MSI:~/hadoop/hadoop-3.3.0$ hadoop jar ~/hadoop/hadoop-3.3.0/share/hadoop/tools/lib/hadoop-streaming-3.3.0.jar -file mapper.py reducer.py -mapper "python3 mapper.py" -reducer "python3 reducer.py" -input /exp1/big.txt -output /output_3
2021-09-10 12:59:57,605 WARN streaming.StreamJob: -file option is deprecated, please use generic option -files instead.
packageJobJar: [mapper.py, reducer.py, /tmp/hadoop-unjar3265588505556561195/] [] /tmp/streamjob2167857131735862477.jar tmpDir=null
2021-09-10 12:59:59,308 INFO client.DefaultNoHARMFailoverProxyProvider: Connecting to ResourceManager at /0.0.0.0:8032
2021-09-10 12:59:59,510 INFO client.DefaultNoHARMFailoverProxyProvider: Connecting to ResourceManager at /0.0.0.0:8032
2021-09-10 13:00:00,103 INFO mapreduce.JobResourceUploader: Disabling Erasure Coding for path: /tmp/hadoop-yarn/staging/ayush/.staging/job_1631251890598_0002
2021-09-10 13:00:00,980 INFO mapred.FileInputFormat: Total input files to process : 1
2021-09-10 13:00:01,221 INFO mapreduce.JobSubmitter: number of splits:2
2021-09-10 13:00:02,332 INFO mapreduce.JobSubmitter: Submitting tokens for job: job_1631251890598_0002
2021-09-10 13:00:02,332 INFO mapreduce.JobSubmitter: Executing with tokens: []
2021-09-10 13:00:03,117 INFO conf.Configuration: resource-types.xml not found
2021-09-10 13:00:03,118 INFO resource.ResourceUtils: Unable to find 'resource-types.xml'.
2021-09-10 13:00:05,088 INFO impl.YarnClientImpl: Submitted application application_1631251890598_0002
2021-09-10 13:00:05,239 INFO mapreduce.Job: The url to track the job: http://MSI.localdomain:8088/proxy/application_1631251890598_0002/
2021-09-10 13:00:05,240 INFO mapreduce.Job: Running job: job_1631251890598_0002
2021-09-10 13:00:24,468 INFO mapreduce.Job: Job job_1631251890598_0002 running in uber mode : false
2021-09-10 13:00:24,488 INFO mapreduce.Job:  map 0% reduce 0%
2021-09-10 13:00:35,942 INFO mapreduce.Job:  map 100% reduce 0%
2021-09-10 13:00:50,014 INFO mapreduce.Job:  map 100% reduce 100%
2021-09-10 13:00:52,029 INFO mapreduce.Job: Job job_1631251890598_0002 completed successfully
2021-09-10 13:00:53,045 INFO mapreduce.Job: Counters: 54
        File System Counters
                FILE: Number of bytes read=29980
                FILE: Number of bytes written=862723
                FILE: Number of read operations=0
                FILE: Number of large read operations=0
                FILE: Number of write operations=0
                HDFS: Number of bytes read=21816
                HDFS: Number of bytes written=13006
                HDFS: Number of read operations=11
                HDFS: Number of large read operations=0
                HDFS: Number of write operations=2
                HDFS: Number of bytes read erasure-coded=0
        Job Counters 
                Launched map tasks=2
                Launched reduce tasks=1
                Data-local map tasks=2
                Total time spent by all maps in occupied slots (ms)=13221
                Total time spent by all reduces in occupied slots (ms)=11496
                Total time spent by all map tasks (ms)=13221
                Total time spent by all reduce tasks (ms)=11496
                Total vcore-milliseconds taken by all map tasks=13221
                Total vcore-milliseconds taken by all reduce tasks=11496
                Total megabyte-milliseconds taken by all map tasks=13538304
                Total megabyte-milliseconds taken by all reduce tasks=11771904
        Map-Reduce Framework
                Map input records=199
                Map output records=3131
                Map output bytes=23712
                Map output materialized bytes=29986
                Input split bytes=172
                Combine input records=0
                Combine output records=0
                Reduce input groups=1395
                Reduce shuffle bytes=29986
                Reduce input records=3131
                Reduce output records=1395
                Spilled Records=6262
                Shuffled Maps =2
                Failed Shuffles=0
                Merged Map outputs=2
                GC time elapsed (ms)=195
                CPU time spent (ms)=2560
                Physical memory (bytes) snapshot=744161280
                Virtual memory (bytes) snapshot=2857467990016
                Total committed heap usage (bytes)=680525824
                Peak Map Physical memory (bytes)=289046528
                Peak Map Virtual memory (bytes)=1261634134016
                Peak Reduce Physical memory (bytes)=166371328
                Peak Reduce Virtual memory (bytes)=1186633592832
        Shuffle Errors
                BAD_ID=0
                CONNECTION=0
                IO_ERROR=0
                WRONG_LENGTH=0
                WRONG_MAP=0
                WRONG_REDUCE=0
        File Input Format Counters 
                Bytes Read=21644
        File Output Format Counters 
                Bytes Written=13006
2021-09-10 13:00:53,045 INFO streaming.StreamJob: Output directory: /output_3
ayush@MSI:~/hadoop/hadoop-3.3.0$ bin/hadoop fs -get /hdfs/output3/part-00000 /Downloads
get: `/hdfs/output3/part-00000': No such file or directory
ayush@MSI:~/hadoop/hadoop-3.3.0$ bin/hadoop fs -get /output3/part-00000 /Downloads
get: `/output3/part-00000': No such file or directory
ayush@MSI:~/hadoop/hadoop-3.3.0$ chmod a+rx ~/mapper.py
ayush@MSI:~/hadoop/hadoop-3.3.0$ 